| dot_syntax_call.swift:6:1:6:3 | call to foo(_:_:) | 0 | dot_syntax_call.swift:6:1:6:1 | : X.Type |
| dot_syntax_call.swift:7:1:7:3 | call to bar() | 0 | dot_syntax_call.swift:7:1:7:1 | : X.Type |
